// Vitest Snapshot v1, https://vitest.dev/guide/snapshot.html

exports[`:global > class selectors > should scope for class selectors 1`] = `
"import { useSolidStyled as useSolidStyled_1 } from "solid-styled";
import { css } from 'solid-styled';
const sheet_1 = "c-f0b3b6fa-0";
const css_1 = ".example{color:red}";
export default function Example() {
  useSolidStyled_1(sheet_1, 1, css_1);
  return <h1 class="example" s:c-f0b3b6fa-0>Hello World</h1>;
}"
`;
